// Jest Snapshot v1, https://goo.gl/fbAQLP

exports[`ContentPageHead component snapshot 1`] = `
<header>
  <div
    className="ContentPageHeadOuterContainer"
    data-testid="ContentPageHeadComponentTestId"
  >
    <div
      className="ContentPageTopNavMenuBarContainer"
    >
      <div
        className="ContentPageTopNavMenuBarLogoPseudoContainer"
      >
        <a
          href="https://cheetah.org/"
        >
          <img
            alt="CCF logo"
            src="cheetah-conservation-fund-30-logo.svg"
          />
        </a>
      </div>
      <div
        className="ContentPageTopNavMenuBarMenuListSidePseudoContainer"
      >
        <nav>
          <ul
            className="ContentPageTopNavMenuBarMenuList"
          >
            <li
              className=""
            >
              <a
                href="/"
                onClick={[Function]}
              >
                Home
              </a>
            </li>
            <li
              className=""
            >
              <a
                href="/history"
                onClick={[Function]}
              >
                History
              </a>
            </li>
            <li
              className=""
            >
              <a
                href="/biology"
                onClick={[Function]}
              >
                Biology
              </a>
            </li>
            <li
              className=""
            >
              <a
                href="/ecology"
                onClick={[Function]}
              >
                Ecology
              </a>
            </li>
            <li
              className=""
            >
              <a
                href="/future"
                onClick={[Function]}
              >
                Future
              </a>
            </li>
          </ul>
        </nav>
      </div>
    </div>
    <div
      className="ContentPageSkeletonContentContainerDimension ContentPageBannerContainer"
      data-testid="ContentPageBannerComponentTestId"
      id="ContentPageBanner"
      style={
        Object {
          "backgroundImage": "url(null)",
        }
      }
    >
      <div
        className="ContentPageBannerTitleContainer"
      >
        <p
          className="ContentPageBannerTitle"
        >
          Page Title
        </p>
        <hr
          className="ContentPageBannerTitleLineBreak"
        />
        <p
          className="ContentPageBannerSubtitle"
        />
      </div>
    </div>
  </div>
</header>
`;
