// Jest Snapshot v1, https://goo.gl/fbAQLP

exports[`ContentPageTwoColumnImageGallary component snapshot 1`] = `
<div
  className="ContentPageSubsectionTwoColumnContentTemplateOuterContainer"
>
  <div
    className="ContentPageSubsectionTwoColumnContentTemplateInnerContainer"
  >
    <div
      className="ContentPageSubsectionTwoColumnContentTemplateColumnInnerContainer ContentPageSubsectionTwoColumnContentTemplateColumnInnerContainerLhs"
    >
      <div
        className="ImageViewOuterContainer"
        style={
          Object {
            "maxWidth": 720,
          }
        }
      >
        <div
          className="ImageViewInnerContainer"
        >
          <div
            className="ImageViewImgContainer"
          >
            <img
              alt="This is image 1."
              className="ImageViewImg"
              height={480}
              src="some image 1"
              width={720}
            />
          </div>
          <div
            className="ImageViewCaptionContainer"
          >
            <div
              className="CaptionContainer"
              data-testid="CaptionComponentTestId"
              style={
                Object {
                  "maxWidth": 720,
                }
              }
            >
              <div
                className="IconContainer"
              >
                <i
                  aria-hidden="true"
                  className="image icon"
                  onClick={[Function]}
                />
              </div>
              <p
                className="ContentPageCaptionTextSize CaptionText"
              >
                This is image 1.
              </p>
            </div>
          </div>
        </div>
      </div>
    </div>
    <div
      className="ContentPageSubsectionTwoColumnContentTemplateColumnInnerContainer ContentPageSubsectionTwoColumnContentTemplateColumnInnerContainerRhs"
    >
      <div
        className="ImageViewOuterContainer"
        style={
          Object {
            "maxWidth": 1080,
          }
        }
      >
        <div
          className="ImageViewInnerContainer"
        >
          <div
            className="ImageViewImgContainer"
          >
            <img
              alt="This is image 2."
              className="ImageViewImg"
              height={720}
              src="some image 2"
              width={1080}
            />
          </div>
          <div
            className="ImageViewCaptionContainer"
          >
            <div
              className="CaptionContainer"
              data-testid="CaptionComponentTestId"
              style={
                Object {
                  "maxWidth": 1080,
                }
              }
            >
              <div
                className="IconContainer"
              >
                <i
                  aria-hidden="true"
                  className="image icon"
                  onClick={[Function]}
                />
              </div>
              <p
                className="ContentPageCaptionTextSize CaptionText"
              >
                This is image 2. (Image credit: Image God)
              </p>
            </div>
          </div>
        </div>
      </div>
    </div>
  </div>
</div>
`;
