// Jest Snapshot v1, https://goo.gl/fbAQLP

exports[`ContentPageTopNavMenuBar component snapshot 1`] = `
<div
  className="ContentPageTopNavMenuBarContainer"
>
  <div
    className="ContentPageTopNavMenuBarLogoPseudoContainer"
  >
    <a
      href="https://cheetah.org/"
    >
      <img
        alt="CCF logo"
        height="60"
        src="cheetah-conservation-fund-30-logo.svg"
        width="282"
      />
    </a>
  </div>
  <div
    className="ContentPageTopNavMenuBarMenuListSidePseudoContainer"
  >
    <nav>
      <ul
        className="ContentPageTopNavMenuBarMenuList"
      >
        <li
          className=""
        >
          <a
            href="/"
            onClick={[Function]}
          >
            Home
          </a>
        </li>
        <li
          className=""
        >
          <a
            href="/history/"
            onClick={[Function]}
          >
            History
          </a>
        </li>
        <li
          className=""
        >
          <a
            href="/biology/"
            onClick={[Function]}
          >
            Biology
          </a>
        </li>
        <li
          className=""
        >
          <a
            href="/ecology/"
            onClick={[Function]}
          >
            Ecology
          </a>
        </li>
        <li
          className="ActiveItem"
        >
          <a
            href="/future/"
            onClick={[Function]}
          >
            Future
          </a>
        </li>
      </ul>
    </nav>
  </div>
</div>
`;
