// Jest Snapshot v1, https://goo.gl/fbAQLP

exports[`FactBannerImage component snapshot 1`] = `
<img
  className="FactBannerImage FullWidth DisplayBlock VerticalCushionPadding Centered FactBannerMediumDimension"
  height={320}
  src="Some image"
  width={520}
/>
`;
