// Jest Snapshot v1, https://goo.gl/fbAQLP

exports[`Footer component snapshot 1`] = `
<footer>
  <div
    className="ui inverted segment"
    data-testid="FooterComponentTestId"
    style={
      Object {
        "padding": "5em 0em",
      }
    }
  >
    <div
      className="ui container"
    >
      <div
        className="ui inverted stackable divided grid"
      >
        <div
          className="row"
        >
          <div
            className="three wide column"
          >
            <img
              alt="Cheetah Conservation Fund"
              className="ui small image"
              height="172"
              src="cheetah-conservation-fund-logo-mini-min.jpg"
              width="300"
            />
          </div>
          <div
            className="six wide column"
          >
            <p
              className="FooterColumnHeading"
            >
              Resources
            </p>
            <div
              className="ui inverted link list FooterNav"
              role="list"
            >
              <a
                className="item"
                href="https://cheetah.org/about/what-we-do/"
                onClick={[Function]}
                role="listitem"
              >
                About CCF
              </a>
              <a
                className="item"
                href="https://animalfactguide.com/animal-facts/cheetah/"
                onClick={[Function]}
                role="listitem"
              >
                Cheetah Fun Facts
              </a>
              <a
                className="item"
                href="https://wildnet.org/wildlife-programs/cheetah-namibia/"
                onClick={[Function]}
                role="listitem"
              >
                Wildlife Conservation Network & CCF
              </a>
              <a
                className="item"
                href="https://www.iucnredlist.org/species/219/50649567"
                onClick={[Function]}
                role="listitem"
              >
                IUCN Red List - Cheetah
              </a>
            </div>
          </div>
          <div
            className="seven wide column"
          >
            <p
              className="FooterColumnHeading"
            >
              Cheetah Conservation Fund
            </p>
            <p
              data-testid="footerSectionCCF"
            >
              <a
                className="CCFLink"
                href="https://cheetah.org/"
              >
                Cheetah Conservation Fund
              </a>
               is a 501(c)(3) nonprofit organization, dedicated to saving the cheetahs in the wild and changing the world to be a better place.
            </p>
            <p>
              All textual content presented on this site are copyright of Cheetah Conservation Fund.
            </p>
            <p>
              This site is not an affiliation of Cheetah Conservation Fund.
            </p>
            <p>
              Crafted with 
              <span
                aria-label="heart"
                role="img"
              >
                ‚ù§Ô∏è
              </span>
               by 
              Will Li
               üá®üá¶
            </p>
          </div>
        </div>
      </div>
    </div>
  </div>
</footer>
`;
