// Jest Snapshot v1, https://goo.gl/fbAQLP

exports[`ImageSlidingGallery component snapshot 1`] = `
<div
  className="ImageSlidingGalleryOuterContainer"
  style={
    Object {
      "maxWidth": undefined,
    }
  }
>
  <div
    className="ImageSlidingGalleryCoreContainer"
  >
    <img
      alt="Researchers used the Tuxtla Statuette to decipher the epi-Olmec writing system, which represents both syllables and words"
      className="ImageSlidingGalleryImgPart"
      height={900}
      src=""
      width={1600}
    />
    <div
      className="ImageSlidingGalleryButtonContainer"
    >
      <div
        aria-label="Previous slide"
        className="ui blue huge icon left attached disabled button"
        onClick={[Function]}
        role="button"
        tabIndex={-1}
      >
        <i
          aria-hidden="true"
          className="arrow alternate circle left outline icon"
          onClick={[Function]}
        />
      </div>
      <div
        aria-label="Next slide"
        className="ui blue huge icon right attached button"
        onClick={[Function]}
        role="button"
        tabIndex={0}
      >
        <i
          aria-hidden="true"
          className="arrow alternate circle right outline icon"
          onClick={[Function]}
        />
      </div>
    </div>
  </div>
  <div
    className="ImageSlidingGalleryCaptionPart"
    data-testid="ImageSlidingGalleryCaptionPart"
  >
    <div
      className="CaptionContainer"
      data-testid="CaptionComponentTestId"
      style={
        Object {
          "maxWidth": undefined,
        }
      }
    >
      <div
        className="IconContainer"
      >
        <i
          aria-hidden="true"
          className="image icon"
          onClick={[Function]}
        />
      </div>
      <p
        className="ContentPageCaptionTextSize CaptionText"
      >
        Researchers used the Tuxtla Statuette to decipher the epi-Olmec writing system, which represents both syllables and words
      </p>
    </div>
  </div>
</div>
`;
