// Jest Snapshot v1, https://goo.gl/fbAQLP

exports[`BiologyPageSubsectionSpotsAndStripes component snapshot 1`] = `
<section
  className="ContentPageSubsectionTemplateOuterContainer CommonRoundedBorderRadiusStyle"
  style={
    Object {
      "backgroundColor": "#98DBC6",
    }
  }
>
  <h3
    className="ContentPageSubsectionTitle"
  >
    Spots and Stripes
  </h3>
  <div>
    <div
      className="ContentPageSubsectionPartContainer"
    >
      <p
        className="ContentPageRegularTextSize ContentPageRegularTextLineHeight ContentPageContentParagraphText"
      >
        Adult cheetahs are easily distinguished from other cats by their coat patterns. The color and spots are a form of camouflage. This helps cheetahs hunt prey and hide from other predators.
      </p>
      <p
        className="ContentPageRegularTextSize ContentPageRegularTextLineHeight ContentPageContentParagraphText"
      >
        Distinctive black tear stripes run from the eyes to the mouth. The stripes are thought to protect the eyes from the sun’s glare. It is believed they have the same function as a rifle scope, helping cheetahs focus on their prey.
      </p>
      <p
        className="ContentPageRegularTextSize ContentPageRegularTextLineHeight ContentPageContentParagraphText"
      >
        Until three months of age, cheetah cubs have a thick-silvery grey mantle that runs down their back. The mantle helps camouflage the cubs by blending them into the shadows and grass. It also provides protection from sun and rain.
      </p>
      <p
        className="ContentPageRegularTextSize ContentPageRegularTextLineHeight ContentPageContentParagraphText"
      >
        With their mantle, cubs look like an aggressive animal called a honey badger. This may deter predators such as lions, hyenas, and eagles from attempting to kill them. This is known as “mimicry”.
      </p>
      <img
        alt="What is camouflage?"
        className="FactBannerImage FullWidth DisplayBlock VerticalCushionPadding Centered FactBannerMediumDimension"
        height={480}
        src="What_is_Camouflage_L-min.png"
        width={960}
      />
    </div>
    <div
      className="ContentPageSubsectionPartContainer"
    >
      <div
        className="Centered FullWidth"
        style={
          Object {
            "width": 360,
          }
        }
      >
        <div
          className="ImageViewOuterContainer"
          style={
            Object {
              "maxWidth": 360,
            }
          }
        >
          <div
            className="ImageViewInnerContainer ImageViewFamilyContainerBorderStyles ImageViewFamilyContainerShadowStyles ImageViewFamilyContainerBackgroundStyles"
          >
            <div
              className="ImageViewImgContainer"
            >
              <img
                alt="Mantle on cheetah cub's back provides a form of camouflage that's critical to its survival."
                className="ImageViewFamilyImgLayoutStyles ImageViewFamilyImgBorderStyles"
                height={360}
                src="Cheetah_Mantle-min.jpg"
                width={360}
              />
            </div>
            <div
              className="ImageViewFamilyCaptionContainerStyles"
            >
              <div
                className="CaptionContainer"
                data-testid="CaptionComponentTestId"
                style={
                  Object {
                    "maxWidth": 360,
                  }
                }
              >
                <div
                  className="IconContainer"
                >
                  <i
                    aria-hidden="true"
                    className="image icon"
                    onClick={[Function]}
                  />
                </div>
                <p
                  className="ContentPageCaptionTextSize CaptionText"
                >
                  Mantle on cheetah cub's back provides a form of camouflage that's critical to its survival.
                </p>
              </div>
            </div>
          </div>
        </div>
      </div>
      <div
        className="VerticalCushionPaddingTopLarge"
      >
        <div
          className="Centered FullWidth"
          style={
            Object {
              "width": 720,
            }
          }
        >
          <div
            className="ImageViewOuterContainer"
            style={
              Object {
                "maxWidth": 720,
              }
            }
          >
            <div
              className="ImageViewInnerContainer ImageViewFamilyContainerBorderStyles ImageViewFamilyContainerShadowStyles ImageViewFamilyContainerBackgroundStyles"
            >
              <div
                className="ImageViewImgContainer"
              >
                <img
                  alt="The cheetah's mantle also provides a form of “mimicry” that it can use to deter predators."
                  className="ImageViewFamilyImgLayoutStyles ImageViewFamilyImgBorderStyles"
                  height={360}
                  src="cheetah_and_honey_badger_L-min.jpg"
                  width={720}
                />
              </div>
              <div
                className="ImageViewFamilyCaptionContainerStyles"
              >
                <div
                  className="CaptionContainer"
                  data-testid="CaptionComponentTestId"
                  style={
                    Object {
                      "maxWidth": 720,
                    }
                  }
                >
                  <div
                    className="IconContainer"
                  >
                    <i
                      aria-hidden="true"
                      className="image icon"
                      onClick={[Function]}
                    />
                  </div>
                  <p
                    className="ContentPageCaptionTextSize CaptionText"
                  >
                    The cheetah's mantle also provides a form of “mimicry” that it can use to deter predators.
                  </p>
                </div>
              </div>
            </div>
          </div>
        </div>
      </div>
    </div>
    <div>
      <div
        className="BigCatSpotsIllustrationPageSubsectionWrapper"
      >
        <div
          className="ContentPageSubsectionPartContainer"
        >
          <div
            className="BigCatSpotsIllustrationOuterContainer"
          >
            <div>
              <h4
                className="IllustrationFontName IllustrationTitleFontSize"
              >
                What Cat am I?
              </h4>
              <h5
                className="IllustrationFontName IllustrationSubtitleFontSize"
              >
                Identify the cat by looking at coat patterns and colors.
              </h5>
              <div
                className="ui four column grid"
              >
                <div
                  className="row"
                >
                  <div
                    className="column"
                  >
                    <div
                      className="BigCatSpotsIllustrationItemContainer"
                    >
                      <div
                        className="BigCatSpotsIllustrationTextRevealDetailedContainer"
                      >
                        <div
                          style={
                            Object {
                              "position": "absolute",
                            }
                          }
                        >
                          <div
                            className="ui fade reveal"
                          >
                            <div
                              className="ui visible content"
                            >
                              <div
                                className="TextRevealDetailedCoverContainer"
                              >
                                <img
                                  className="ui image"
                                  height={200}
                                  src="pelt_spot_tiger-min.jpg"
                                  width={200}
                                />
                              </div>
                            </div>
                            <div
                              className="ui hidden content"
                            >
                              <div
                                className="TextRevealDetailedContentContainer"
                                style={
                                  Object {
                                    "backgroundColor": "green",
                                  }
                                }
                              >
                                <img
                                  alt="Tiger"
                                  height={160}
                                  src="cat_thumbnail_tiger-min.jpg"
                                  width={200}
                                />
                                <p
                                  className="TextRevealDetailedCaptionText"
                                >
                                  Tiger
                                </p>
                              </div>
                            </div>
                          </div>
                        </div>
                      </div>
                      <p
                        className="ContentPageCaptionTextSize"
                      >
                        I live in well-watered grasslands, scrubs, woodlands, or reed beds.
                      </p>
                    </div>
                  </div>
                  <div
                    className="column"
                  >
                    <div
                      className="BigCatSpotsIllustrationItemContainer"
                    >
                      <div
                        className="BigCatSpotsIllustrationTextRevealDetailedContainer"
                      >
                        <div
                          style={
                            Object {
                              "position": "absolute",
                            }
                          }
                        >
                          <div
                            className="ui fade reveal"
                          >
                            <div
                              className="ui visible content"
                            >
                              <div
                                className="TextRevealDetailedCoverContainer"
                              >
                                <img
                                  className="ui image"
                                  height={200}
                                  src="pelt_spot_jaguar-min.jpg"
                                  width={200}
                                />
                              </div>
                            </div>
                            <div
                              className="ui hidden content"
                            >
                              <div
                                className="TextRevealDetailedContentContainer"
                                style={
                                  Object {
                                    "backgroundColor": "green",
                                  }
                                }
                              >
                                <img
                                  alt="Jaguar"
                                  height={160}
                                  src="cat_thumbnail_jaguar-min.jpg"
                                  width={200}
                                />
                                <p
                                  className="TextRevealDetailedCaptionText"
                                >
                                  Jaguar
                                </p>
                              </div>
                            </div>
                          </div>
                        </div>
                      </div>
                      <p
                        className="ContentPageCaptionTextSize"
                      >
                        I'm from South America and live in the jungle.
                      </p>
                    </div>
                  </div>
                  <div
                    className="column"
                  >
                    <div
                      className="BigCatSpotsIllustrationItemContainer"
                    >
                      <div
                        className="BigCatSpotsIllustrationTextRevealDetailedContainer"
                      >
                        <div
                          style={
                            Object {
                              "position": "absolute",
                            }
                          }
                        >
                          <div
                            className="ui fade reveal"
                          >
                            <div
                              className="ui visible content"
                            >
                              <div
                                className="TextRevealDetailedCoverContainer"
                              >
                                <img
                                  className="ui image"
                                  height={200}
                                  src="pelt_spot_cheetah-min.jpg"
                                  width={200}
                                />
                              </div>
                            </div>
                            <div
                              className="ui hidden content"
                            >
                              <div
                                className="TextRevealDetailedContentContainer"
                                style={
                                  Object {
                                    "backgroundColor": "green",
                                  }
                                }
                              >
                                <img
                                  alt="Cheetah"
                                  height={160}
                                  src="cat_thumbnail_cheetah-min.jpg"
                                  width={200}
                                />
                                <p
                                  className="TextRevealDetailedCaptionText"
                                >
                                  Cheetah
                                </p>
                              </div>
                            </div>
                          </div>
                        </div>
                      </div>
                      <p
                        className="ContentPageCaptionTextSize"
                      >
                        I can live anywhere but prefer savannas.
                      </p>
                    </div>
                  </div>
                  <div
                    className="column"
                  >
                    <div
                      className="BigCatSpotsIllustrationItemContainer"
                    >
                      <div
                        className="BigCatSpotsIllustrationTextRevealDetailedContainer"
                      >
                        <div
                          style={
                            Object {
                              "position": "absolute",
                            }
                          }
                        >
                          <div
                            className="ui fade reveal"
                          >
                            <div
                              className="ui visible content"
                            >
                              <div
                                className="TextRevealDetailedCoverContainer"
                              >
                                <img
                                  className="ui image"
                                  height={200}
                                  src="pelt_spot_leopard-min.jpg"
                                  width={200}
                                />
                              </div>
                            </div>
                            <div
                              className="ui hidden content"
                            >
                              <div
                                className="TextRevealDetailedContentContainer"
                                style={
                                  Object {
                                    "backgroundColor": "green",
                                  }
                                }
                              >
                                <img
                                  alt="Leopard"
                                  height={160}
                                  src="cat_thumbnail_leopard-min.jpg"
                                  width={200}
                                />
                                <p
                                  className="TextRevealDetailedCaptionText"
                                >
                                  Leopard
                                </p>
                              </div>
                            </div>
                          </div>
                        </div>
                      </div>
                      <p
                        className="ContentPageCaptionTextSize"
                      >
                        I can live anywhere that is rich in prey and has thick bush for cover. I'm often seen resting on trees.
                      </p>
                    </div>
                  </div>
                </div>
              </div>
            </div>
          </div>
        </div>
      </div>
    </div>
  </div>
</section>
`;
