// Jest Snapshot v1, https://goo.gl/fbAQLP

exports[`BiologyPageSubsectionCommunication component snapshot 1`] = `
<section
  className="ContentPageSubsectionTemplateOuterContainer CommonRoundedBorderRadiusStyle"
  style={
    Object {
      "backgroundColor": "#98DBC6",
    }
  }
>
  <h3
    className="ContentPageSubsectionTitle"
  >
    Communication
  </h3>
  <div>
    <p
      className="ContentPageRegularTextSize ContentPageRegularTextLineHeight ContentPageContentParagraphText"
    >
      Cheetahs communicate in many ways including sound, smell, touch, and sight. Communications may be either threatening or submissive.
    </p>
    <div
      className="VerticalCushionPadding"
    >
      <h4
        className="ContentPageSubsectionSubtitle"
      >
        Vocalizations
      </h4>
      <div
        className="OverflowHidden"
      >
        <div
          className="FloatRight"
        >
          <div
            className="TextBubbleOuterContainerFlexWrapper"
          >
            <div
              className="TextBubbleOuterContainer"
              style={
                Object {
                  "backgroundColor": "rgb(187,143,206)",
                  "maxWidth": 320,
                  "minHeight": 320,
                }
              }
            >
              <div
                className="TextBubbleInnerContainer"
              >
                <div
                  className="TextBubbleInnerCore"
                >
                  <h1
                    style={
                      Object {
                        "color": "rgb(undefined)",
                        "fontSize": 25.6,
                      }
                    }
                  >
                    Vocalizations
                  </h1>
                  <p
                    style={
                      Object {
                        "color": "rgb(undefined)",
                        "fontSize": 16,
                      }
                    }
                  >
                    Cheetahs have many unusual vocalizations. These are some of the most common calls made by cheetahs.
                  </p>
                </div>
              </div>
            </div>
          </div>
        </div>
        <ul>
          <li
            className="ContentPageRegularTextSize ContentPageRegularTextLineHeight"
          >
            <span>
              <b>
                Purr
              </b>
               - as with domestic cats this sound indicates a friendly and contended mood.
            </span>
          </li>
          <li
            className="ContentPageRegularTextSize ContentPageRegularTextLineHeight"
          >
            <span>
              <b>
                Chirp
              </b>
               - A high pitched bird-like chirp is used by a mother calling her cubs, cheetahs greeting each other and during courtship. These calls can be heard over a long distance. The intensity of the chirp increases with excitement.
            </span>
          </li>
          <li
            className="ContentPageRegularTextSize ContentPageRegularTextLineHeight"
          >
            <span>
              <b>
                Stutter call
              </b>
               - A male on the trail of a female in heat will use this call. It is also used by a mother asking her cubs to follow closely.
            </span>
          </li>
          <li
            className="ContentPageRegularTextSize ContentPageRegularTextLineHeight"
          >
            <span>
              <b>
                Growling, hissing
              </b>
               - These sounds are associated with defense and aggression. With these vocalizations, they may lunge and slap the ground, alternatively crouching and growling.
            </span>
          </li>
          <li
            className="ContentPageRegularTextSize ContentPageRegularTextLineHeight"
          >
            <span>
              <b>
                Bleating
              </b>
               - This sound expresses distress and is similar to meowing.
            </span>
          </li>
          <li
            className="ContentPageRegularTextSize ContentPageRegularTextLineHeight"
          >
            <span>
              <b>
                Inn-inn
              </b>
               - This call is used by a mother to summon her young and alternates with chirping.
            </span>
          </li>
        </ul>
      </div>
      <div
        className="VerticalCushionPadding"
      >
        <div>
          <a
            href="https://www.youtube.com/watch?v=3kFl_TY3iUg"
          >
            <button
              className="ui blue icon button"
              onClick={[Function]}
            >
              Cheetah Awareness Day - Vocalizations 
              <i
                aria-hidden="true"
                className="youtube icon"
                onClick={[Function]}
              />
            </button>
          </a>
        </div>
      </div>
    </div>
  </div>
</section>
`;
