// Jest Snapshot v1, https://goo.gl/fbAQLP

exports[`BiologyPageSubsectionHearAndLung component snapshot 1`] = `
<section
  className="ContentPageSubsectionTemplateOuterContainer"
>
  <h3
    className="ContentPageSubsectionTitle"
  >
    Heart and Lung
  </h3>
  <div>
    <div
      className="ContentPageSubsectionPartContainer"
    >
      <div
        className="ContentPageSubsectionTwoColumnContentTemplateOuterContainer"
      >
        <div
          className="ContentPageSubsectionTwoColumnContentTemplateInnerContainer"
        >
          <div
            className="ContentPageSubsectionTwoColumnContentTemplateColumnInnerContainer ContentPageSubsectionTwoColumnContentTemplateColumnInnerContainerLhs"
          >
            <p
              className="ContentPageRegularTextSize ContentPageRegularTextLineHeight ContentPageContentParagraphText"
            >
              The cheetah has a strong heart that rapidly pumps large amounts of oxygenated blood from the lungs to the muscles to keep them supplied with energy while running.
            </p>
            <p
              className="ContentPageRegularTextSize ContentPageRegularTextLineHeight ContentPageContentParagraphText"
            >
              Large lungs provide adequate oxygen for a cheetah‚Äôs increased energy needs while pursuing its prey. The cheetah‚Äôs respiratory rate climbs from 60 to 150 breathes per minute, nearly twice as fast as humans.
            </p>
            <p
              className="ContentPageRegularTextSize ContentPageRegularTextLineHeight ContentPageContentParagraphText"
            >
              Cheetahs have enlarged nostrils and sinuses allowing an increase in air flow to the lungs.
            </p>
            <p
              className="ContentPageRegularTextSize ContentPageRegularTextLineHeight ContentPageContentParagraphText"
            >
              High speeds can, however, only be maintained for 400 - 800 meters before exhaustion sets in and the body risks overheating.
            </p>
          </div>
          <div
            className="ContentPageSubsectionTwoColumnContentTemplateColumnInnerContainer ContentPageSubsectionTwoColumnContentTemplateColumnInnerContainerRhs"
          >
            <div>
              <img
                alt="Cheetah run illustration"
                className="FullWidth DisplayBlock RetainAspectRatio Centered"
                height={480}
                src="Cheetah_Travel_480x480-min.png"
                width={480}
              />
              <p
                className="ContentPageRegularTextSize ContentPageRegularTextLineHeight ContentPageContentParagraphText"
              >
                A cheetah running the 249 km from Otjiwarongo to Windhoek would need to stop to rest more than 311 times.
              </p>
              <p
                className="ContentPageRegularTextSize ContentPageRegularTextLineHeight ContentPageContentParagraphText"
              >
                If it could run there without resting, it would take 2 hours and 26 minutes at 110 km/hr.
              </p>
            </div>
          </div>
        </div>
      </div>
    </div>
    <div>
      <div
        className="CheetahOlympicsSubsectionWrapper"
      >
        <div
          className="ContentPageSubsectionPartContainer"
        >
          <div
            className="CheetahOlympicsOuterContainer"
          >
            <div
              className="CheetahOlympicsInnerContainer"
            >
              <h4
                className="IllustrationFontName IllustrationTitleFontSize TextTransformUppercase CheetahOlympicsTitle"
              >
                <span
                  aria-label="medal"
                  role="img"
                >
                  üèÖ 
                </span>
                Cheetah Olympics
                <span
                  aria-label="trophy"
                  role="img"
                >
                   üèÜ
                </span>
              </h4>
              <p
                className="ContentPageRegularTextSize ContentPageRegularTextLineHeight ContentPageContentParagraphText"
              >
                Frankie Fredericks, Namibian Olympic silver medal sprinter, ran 200 meters in 19.92 seconds.
              </p>
              <p
                className="ContentPageRegularTextSize ContentPageRegularTextLineHeight ContentPageContentParagraphText"
              >
                The cheetah can run the same distance in 6.54 seconds.
              </p>
              <p
                className="IllustrationFontName IllustrationSubtitleFontSize TextTransformUppercase"
              >
                Who will win the race?
              </p>
              <p
                className="ContentPageRegularTextSize ContentPageRegularTextLineHeight ContentPageContentParagraphText"
              >
                Which is the fastest land animal in Africa?
              </p>
              <p
                className="ContentPageCaptionTextSize"
              >
                (hover over the squares below to find out)
              </p>
              <div
                className="QuizBoardOuterContainer"
                style={
                  Object {
                    "height": 1040,
                    "width": 720,
                  }
                }
              >
                <div
                  className="QuizBoardInnerContainer"
                >
                  <div
                    className="QuizBoardItemContainer"
                    style={
                      Object {
                        "left": 40,
                        "top": 40,
                      }
                    }
                  >
                    <div
                      className="ui fade reveal"
                    >
                      <div
                        className="ui visible content"
                      >
                        <div
                          className="TextRevealWithTextCoverOuterContainer"
                          style={
                            Object {
                              "backgroundColor": "#6e9ce9",
                            }
                          }
                        >
                          <p
                            className="TextRevealWithTextCoverTitle"
                          >
                            Lion
                          </p>
                        </div>
                      </div>
                      <div
                        className="ui hidden content"
                      >
                        <div
                          className="TextRevealWithTextCoverOuterContainer"
                        >
                          <p
                            className="TextRevealWithTextCoverDescription"
                          >
                            80 km/hr (2nd place)
                          </p>
                        </div>
                      </div>
                    </div>
                  </div>
                  <div
                    className="QuizBoardItemContainer"
                    style={
                      Object {
                        "left": 280,
                        "top": 40,
                      }
                    }
                  >
                    <div
                      className="ui fade reveal"
                    >
                      <div
                        className="ui visible content"
                      >
                        <div
                          className="TextRevealWithTextCoverOuterContainer"
                          style={
                            Object {
                              "backgroundColor": "#6e9ce9",
                            }
                          }
                        >
                          <p
                            className="TextRevealWithTextCoverTitle"
                          >
                            Human
                          </p>
                        </div>
                      </div>
                      <div
                        className="ui hidden content"
                      >
                        <div
                          className="TextRevealWithTextCoverOuterContainer"
                        >
                          <p
                            className="TextRevealWithTextCoverDescription"
                          >
                            45 km/hr (7th place)
                          </p>
                        </div>
                      </div>
                    </div>
                  </div>
                  <div
                    className="QuizBoardItemContainer"
                    style={
                      Object {
                        "left": 520,
                        "top": 40,
                      }
                    }
                  >
                    <div
                      className="ui fade reveal"
                    >
                      <div
                        className="ui visible content"
                      >
                        <div
                          className="TextRevealWithTextCoverOuterContainer"
                          style={
                            Object {
                              "backgroundColor": "#6e9ce9",
                            }
                          }
                        >
                          <p
                            className="TextRevealWithTextCoverTitle"
                          >
                            Zebra
                          </p>
                        </div>
                      </div>
                      <div
                        className="ui hidden content"
                      >
                        <div
                          className="TextRevealWithTextCoverOuterContainer"
                        >
                          <p
                            className="TextRevealWithTextCoverDescription"
                          >
                            58 km/hr (6th place) 
                          </p>
                        </div>
                      </div>
                    </div>
                  </div>
                  <div
                    className="QuizBoardItemContainer"
                    style={
                      Object {
                        "left": 40,
                        "top": 240,
                      }
                    }
                  >
                    <div
                      className="ui fade reveal"
                    >
                      <div
                        className="ui visible content"
                      >
                        <div
                          className="TextRevealWithTextCoverOuterContainer"
                          style={
                            Object {
                              "backgroundColor": "#6e9ce9",
                            }
                          }
                        >
                          <p
                            className="TextRevealWithTextCoverTitle"
                          >
                            Black Mamba
                          </p>
                        </div>
                      </div>
                      <div
                        className="ui hidden content"
                      >
                        <div
                          className="TextRevealWithTextCoverOuterContainer"
                        >
                          <p
                            className="TextRevealWithTextCoverDescription"
                          >
                            32 km/hr (9th place)
                          </p>
                        </div>
                      </div>
                    </div>
                  </div>
                  <div
                    className="QuizBoardItemContainer"
                    style={
                      Object {
                        "left": 280,
                        "top": 240,
                      }
                    }
                  >
                    <div
                      className="ui fade reveal"
                    >
                      <div
                        className="ui visible content"
                      >
                        <div
                          className="TextRevealWithTextCoverOuterContainer"
                          style={
                            Object {
                              "backgroundColor": "#6e9ce9",
                            }
                          }
                        >
                          <p
                            className="TextRevealWithTextCoverTitle"
                          >
                            Wildebeest
                          </p>
                        </div>
                      </div>
                      <div
                        className="ui hidden content"
                      >
                        <div
                          className="TextRevealWithTextCoverOuterContainer"
                        >
                          <p
                            className="TextRevealWithTextCoverDescription"
                          >
                            78 km/hr (3rd place)
                          </p>
                        </div>
                      </div>
                    </div>
                  </div>
                  <div
                    className="QuizBoardItemContainer"
                    style={
                      Object {
                        "left": 520,
                        "top": 240,
                      }
                    }
                  >
                    <div
                      className="ui fade reveal"
                    >
                      <div
                        className="ui visible content"
                      >
                        <div
                          className="TextRevealWithTextCoverOuterContainer"
                          style={
                            Object {
                              "backgroundColor": "#6e9ce9",
                            }
                          }
                        >
                          <p
                            className="TextRevealWithTextCoverTitle"
                          >
                            Cheetah
                          </p>
                        </div>
                      </div>
                      <div
                        className="ui hidden content"
                      >
                        <div
                          className="TextRevealWithTextCoverOuterContainer"
                        >
                          <p
                            className="TextRevealWithTextCoverDescription"
                          >
                            110 km/hr (1st place üèÜ)
                          </p>
                        </div>
                      </div>
                    </div>
                  </div>
                  <div
                    className="QuizBoardItemContainer"
                    style={
                      Object {
                        "left": 40,
                        "top": 440,
                      }
                    }
                  >
                    <div
                      className="ui fade reveal"
                    >
                      <div
                        className="ui visible content"
                      >
                        <div
                          className="TextRevealWithTextCoverOuterContainer"
                          style={
                            Object {
                              "backgroundColor": "#6e9ce9",
                            }
                          }
                        >
                          <p
                            className="TextRevealWithTextCoverTitle"
                          >
                            Race Horse
                          </p>
                        </div>
                      </div>
                      <div
                        className="ui hidden content"
                      >
                        <div
                          className="TextRevealWithTextCoverOuterContainer"
                        >
                          <p
                            className="TextRevealWithTextCoverDescription"
                          >
                            60 km/h (5th place)
                          </p>
                        </div>
                      </div>
                    </div>
                  </div>
                  <div
                    className="QuizBoardItemContainer"
                    style={
                      Object {
                        "left": 280,
                        "top": 440,
                      }
                    }
                  >
                    <div
                      className="ui fade reveal"
                    >
                      <div
                        className="ui visible content"
                      >
                        <div
                          className="TextRevealWithTextCoverOuterContainer"
                          style={
                            Object {
                              "backgroundColor": "#6e9ce9",
                            }
                          }
                        >
                          <p
                            className="TextRevealWithTextCoverTitle"
                          >
                            Elephant
                          </p>
                        </div>
                      </div>
                      <div
                        className="ui hidden content"
                      >
                        <div
                          className="TextRevealWithTextCoverOuterContainer"
                        >
                          <p
                            className="TextRevealWithTextCoverDescription"
                          >
                            65 km/hr (4th place)
                          </p>
                        </div>
                      </div>
                    </div>
                  </div>
                  <div
                    className="QuizBoardItemContainer"
                    style={
                      Object {
                        "left": 520,
                        "top": 440,
                      }
                    }
                  >
                    <div
                      className="ui fade reveal"
                    >
                      <div
                        className="ui visible content"
                      >
                        <div
                          className="TextRevealWithTextCoverOuterContainer"
                          style={
                            Object {
                              "backgroundColor": "#6e9ce9",
                            }
                          }
                        >
                          <p
                            className="TextRevealWithTextCoverTitle"
                          >
                            Warthog
                          </p>
                        </div>
                      </div>
                      <div
                        className="ui hidden content"
                      >
                        <div
                          className="TextRevealWithTextCoverOuterContainer"
                        >
                          <p
                            className="TextRevealWithTextCoverDescription"
                          >
                            40 km/hr (8th place)
                          </p>
                        </div>
                      </div>
                    </div>
                  </div>
                  <div
                    className="QuizBoardItemContainer"
                    style={
                      Object {
                        "left": 280,
                        "top": 640,
                      }
                    }
                  >
                    <div
                      className="ui fade reveal"
                    >
                      <div
                        className="ui visible content"
                      >
                        <div
                          className="TextRevealWithTextCoverOuterContainer"
                          style={
                            Object {
                              "backgroundColor": "#6e9ce9",
                            }
                          }
                        >
                          <p
                            className="TextRevealWithTextCoverTitle"
                          >
                            Jackal
                          </p>
                        </div>
                      </div>
                      <div
                        className="ui hidden content"
                      >
                        <div
                          className="TextRevealWithTextCoverOuterContainer"
                        >
                          <p
                            className="TextRevealWithTextCoverDescription"
                          >
                            16 km/hr (10th place)
                          </p>
                        </div>
                      </div>
                    </div>
                  </div>
                  <div
                    className="QuizBoardItemContainer"
                    style={
                      Object {
                        "left": 40,
                        "top": 840,
                      }
                    }
                  >
                    <div
                      className="ui fade reveal"
                    >
                      <div
                        className="ui visible content"
                      >
                        <div
                          className="TextRevealWithTextCoverOuterContainer"
                          style={
                            Object {
                              "backgroundColor": "#6e9ce9",
                            }
                          }
                        >
                          <p
                            className="TextRevealWithTextCoverTitle"
                          >
                            Second fastest land animal in the world
                          </p>
                        </div>
                      </div>
                      <div
                        className="ui hidden content"
                      >
                        <div
                          className="TextRevealWithTextCoverOuterContainer"
                        >
                          <p
                            className="TextRevealWithTextCoverDescription"
                          >
                            Pronghorn antelope, a North American species, sprints up to 86 km/hr.
                          </p>
                        </div>
                      </div>
                    </div>
                  </div>
                  <div
                    className="QuizBoardItemContainer"
                    style={
                      Object {
                        "left": 520,
                        "top": 840,
                      }
                    }
                  >
                    <div
                      className="ui fade reveal"
                    >
                      <div
                        className="ui visible content"
                      >
                        <div
                          className="TextRevealWithTextCoverOuterContainer"
                          style={
                            Object {
                              "backgroundColor": "#6e9ce9",
                            }
                          }
                        >
                          <p
                            className="TextRevealWithTextCoverTitle"
                          >
                            Fastest animal in the world
                          </p>
                        </div>
                      </div>
                      <div
                        className="ui hidden content"
                      >
                        <div
                          className="TextRevealWithTextCoverOuterContainer"
                        >
                          <p
                            className="TextRevealWithTextCoverDescription"
                          >
                            Peregrine falcon, a bird species, dives at 360km/hr.
                          </p>
                        </div>
                      </div>
                    </div>
                  </div>
                </div>
              </div>
            </div>
            <div
              className="QnAPopUpContainer"
            >
              <div
                className="QnAPopUpButtonGroupContainer"
              >
                <div
                  className="ui blue large label"
                  onClick={[Function]}
                >
                  Did You Know
                  <button
                    className="ui orange circular icon button QuestionButton"
                    onClick={[Function]}
                  >
                    <i
                      aria-hidden="true"
                      className="question icon"
                      onClick={[Function]}
                    />
                  </button>
                </div>
              </div>
              <div
                className="QnAPopUpTextSecondaryBubbleContainer"
              >
                <div
                  className="TextBubbleOuterContainerFlexWrapper"
                  hidden={true}
                >
                  <div
                    className="TextBubbleOuterContainer"
                    style={
                      Object {
                        "backgroundColor": "rgb(undefined)",
                        "maxWidth": 45,
                        "minHeight": 45,
                      }
                    }
                  >
                    <div
                      className="TextBubbleInnerContainer"
                    >
                      <div
                        className="TextBubbleInnerCore"
                      >
                        <h1
                          style={
                            Object {
                              "color": "rgb(undefined)",
                              "fontSize": 3.6,
                            }
                          }
                        >
                          
                        </h1>
                        <p
                          style={
                            Object {
                              "color": "rgb(undefined)",
                              "fontSize": 2.25,
                            }
                          }
                        >
                          
                        </p>
                      </div>
                    </div>
                  </div>
                </div>
              </div>
              <div
                className="QnAPopUpMainTextBubbleContainer"
              >
                <div
                  className="TextBubbleOuterContainerFlexWrapper"
                  hidden={true}
                >
                  <div
                    className="TextBubbleOuterContainer"
                    style={
                      Object {
                        "backgroundColor": "rgb(undefined)",
                        "maxWidth": 320,
                        "minHeight": 320,
                      }
                    }
                  >
                    <div
                      className="TextBubbleInnerContainer"
                    >
                      <div
                        className="TextBubbleInnerCore"
                      >
                        <h1
                          style={
                            Object {
                              "color": "rgb(undefined)",
                              "fontSize": 25.6,
                            }
                          }
                        >
                          Did you know?
                        </h1>
                        <p
                          style={
                            Object {
                              "color": "rgb(undefined)",
                              "fontSize": 16,
                            }
                          }
                        >
                          The pronghorn antelope is the fastest land animal in North America. When the first cheetahs ancestors roamed on the continent, they used to prey on pronghorn antelopes.
                        </p>
                      </div>
                    </div>
                  </div>
                </div>
              </div>
            </div>
          </div>
        </div>
      </div>
    </div>
  </div>
</section>
`;
