// Jest Snapshot v1, https://goo.gl/fbAQLP

exports[`BiologyPageSubsectionSkull component snapshot 1`] = `
<section
  className="ContentPageSubsectionTemplateOuterContainer CommonRoundedBorderRadiusStyle"
  style={
    Object {
      "backgroundColor": "#98DBC6",
    }
  }
>
  <h3
    className="ContentPageSubsectionTitle"
  >
    Skull
  </h3>
  <div>
    <p
      className="ContentPageRegularTextSize ContentPageRegularTextLineHeight ContentPageContentParagraphText"
    >
      All predators have specialized features for catching and killing prey. Predators have large forward facing eye sockets, and large ear cavities that provides space for specialized senses. Although there are differences in skull proportions, carnivore skulls are quite similar.
    </p>
    <p
      className="ContentPageRegularTextSize ContentPageRegularTextLineHeight ContentPageContentParagraphText"
    >
      The cat skulls are different from other carnivore species, as they have a flatter nose and enlarged nasal cavity. In addition, there is significant room at the back for holding the strong jaw muscles.
    </p>
    <p
      className="ContentPageRegularTextSize ContentPageRegularTextLineHeight ContentPageContentParagraphText"
    >
      The cheetah's skull has some features that are distinct when compared to the skulls of other cats.
    </p>
    <div>
      <div
        className="BiologyPageSubsectionSkullCheetahSkullDiagramContainer"
      >
        <div
          className="PopUpLabelledDiagramOuterComponent"
          style={
            Object {
              "backgroundImage": "url(cheetah_skull-min.jpg)",
              "height": 573,
              "width": 900,
            }
          }
        >
          <div
            className="PopUpLabelledDiagramInnerComponent"
          >
            <div
              className="PopUpLabelledDiagramPopUpItemComponent"
              style={
                Object {
                  "left": 350,
                  "top": 160,
                }
              }
            >
              <button
                className="ui blue mini circular icon button"
                onBlur={[Function]}
                onClick={[Function]}
                onFocus={[Function]}
                onMouseEnter={[Function]}
                onMouseLeave={[Function]}
              >
                <i
                  aria-hidden="true"
                  className="plus icon"
                  onClick={[Function]}
                />
              </button>
            </div>
            <div
              className="PopUpLabelledDiagramPopUpItemComponent"
              style={
                Object {
                  "left": 750,
                  "top": 180,
                }
              }
            >
              <button
                className="ui blue mini circular icon button"
                onBlur={[Function]}
                onClick={[Function]}
                onFocus={[Function]}
                onMouseEnter={[Function]}
                onMouseLeave={[Function]}
              >
                <i
                  aria-hidden="true"
                  className="plus icon"
                  onClick={[Function]}
                />
              </button>
            </div>
            <div
              className="PopUpLabelledDiagramPopUpItemComponent"
              style={
                Object {
                  "left": 500,
                  "top": 300,
                }
              }
            >
              <button
                className="ui blue mini circular icon button"
                onBlur={[Function]}
                onClick={[Function]}
                onFocus={[Function]}
                onMouseEnter={[Function]}
                onMouseLeave={[Function]}
              >
                <i
                  aria-hidden="true"
                  className="plus icon"
                  onClick={[Function]}
                />
              </button>
            </div>
            <div
              className="PopUpLabelledDiagramPopUpItemComponent"
              style={
                Object {
                  "left": 120,
                  "top": 220,
                }
              }
            >
              <button
                className="ui blue mini circular icon button"
                onBlur={[Function]}
                onClick={[Function]}
                onFocus={[Function]}
                onMouseEnter={[Function]}
                onMouseLeave={[Function]}
              >
                <i
                  aria-hidden="true"
                  className="plus icon"
                  onClick={[Function]}
                />
              </button>
            </div>
          </div>
        </div>
      </div>
    </div>
  </div>
</section>
`;
