// Jest Snapshot v1, https://goo.gl/fbAQLP

exports[`BiologyPage_Subsection_RipAndTear component snapshot 1`] = `
<section
  className="ContentPageSubsectionTemplateOuterContainer"
>
  <h3
    className="ContentPageSubsectionTitle"
  >
    Rip and Tear
  </h3>
  <div
    className="ContentPageSideFloatFluidContainerOuterContainer"
  >
    <div
      className="ContentPageSideFloatFluidContainerFloatPartContainer BottomMargin20px FloatRight"
    >
      <div
        className="ImageViewOuterContainer"
        style={
          Object {
            "maxWidth": 640,
          }
        }
      >
        <div
          className="ImageViewInnerContainer ImageViewFamilyContainerBorderStyles ImageViewFamilyContainerShadow ImageViewFamilyContainerBackgroundStyles"
        >
          <div
            className="ImageViewImgContainer"
          >
            <img
              alt="The three types of teeth of the cheetah: the incisors, canines, and carnassial."
              className="ImageViewFamilyImgLayoutStyles ImageViewFamilyImgBorderStyles"
              height={505}
              src="cheetah_teeth-min.jpg"
              width={640}
            />
          </div>
          <div
            className="ImageViewFamilyCaptionContainerStyles"
          >
            <div
              className="CaptionContainer"
              data-testid="CaptionComponentTestId"
              style={
                Object {
                  "maxWidth": 640,
                }
              }
            >
              <div
                className="IconContainer"
              >
                <i
                  aria-hidden="true"
                  className="image icon"
                  onClick={[Function]}
                />
              </div>
              <p
                className="ContentPageCaptionTextSize CaptionText"
              >
                The three types of teeth of the cheetah: the incisors, canines, and carnassial.
              </p>
            </div>
          </div>
        </div>
      </div>
    </div>
    <div
      className="ContentPageSideFloatFluidContainerFixedPartContainer"
    >
      <p
        className="ContentPageRegularTextSize ContentPageRegularTextLineHeight ContentPageContentParagraphText"
      >
        The cheetah’s teeth are adapted to support their eating style. By eating fast, cheetahs avoid losing their prey to other predators.
      </p>
      <p
        className="ContentPageRegularTextSize ContentPageRegularTextLineHeight ContentPageContentParagraphText"
      >
        The canines, “eye teeth” or “fangs”, are used for gripping and hold while the prey is being suffocated. Cheetah’s canines are smaller and less developed than those of the lion or leopard.
      </p>
      <p
        className="ContentPageRegularTextSize ContentPageRegularTextLineHeight ContentPageContentParagraphText"
      >
        The incisors, “front teeth”, are used for plucking fur and skinning the carcasses. Straight and strong incisors are essential for quick access to the meat of the prey.
      </p>
      <p
        className="ContentPageRegularTextSize ContentPageRegularTextLineHeight ContentPageContentParagraphText"
      >
        The carnassial, “back teeth” or “pre molars”, work in scissor like fashion and enable the cheetah to shear large pieces of flesh which are quickly swallowed whole. When using these teeth during feeding, cheetahs hold their heads sideways at an angle to the carcass. These blade like teeth are similar to the lion’s and leopard’s. They do not have the same function as chewing meat as those of the jackal or crushing bones like those of the hyenas.
      </p>
    </div>
  </div>
</section>
`;
