// Jest Snapshot v1, https://goo.gl/fbAQLP

exports[`BiologyPageSubsectionLifecycleStage2 component snapshot 1`] = `
<section
  className="ContentPageSubsectionTemplateOuterContainer"
>
  <h3
    className="ContentPageSubsectionTitle"
  >
    Stage 2
  </h3>
  <div>
    <div
      className="FluidTwoColumnContainerOuterContainer"
    >
      <div
        className="FluidTwoColumnContainerColumnContainer FluidTwoColumnLhsContainerColumnContainer"
      >
        <div
          className="ContentPageSubsectionPartContainer"
        >
          <p
            className="ContentPageRegularTextSize ContentPageRegularTextLineHeight ContentPageContentParagraphText"
          >
            At 1.5 to 2 months of age, the cubs leave the safety of the den to accompany their mother. They are very vulnerable as they are not able to defend themselves.
          </p>
          <p
            className="ContentPageRegularTextSize ContentPageRegularTextLineHeight ContentPageContentParagraphText"
          >
            They stop drinking their motherâ€™s milk at 3 to 4 months of age. They start eating meat and learning to hunt. The games they play and the experiences they have during this stage will teach them skills needed to survive on their own.
          </p>
        </div>
      </div>
      <div
        className="FluidTwoColumnContainerColumnContainer FluidTwoColumnRhsContainerColumnContainer"
      >
        <div
          className="ContentPageSubsectionPartContainer"
        >
          <div>
            <a
              href="https://www.youtube.com/embed/Wjtb7XMZlgY"
            >
              <button
                className="ui blue icon button"
                onClick={[Function]}
              >
                Cheetah Mom Teaches Cubs to Hunt 
                <i
                  aria-hidden="true"
                  className="youtube icon"
                  onClick={[Function]}
                />
              </button>
            </a>
          </div>
        </div>
      </div>
    </div>
  </div>
</section>
`;
