// Jest Snapshot v1, https://goo.gl/fbAQLP

exports[`ExploreGateway component snapshot 1`] = `
<div
  data-testid="ExploreGatewayComponentTestId"
  id="Explore"
>
  <div
    className="ExploreGatewayIntro ExploreGatewayBackground"
    data-testid="ExploreGatewayIntroTestId"
  >
    <div
      className="VerticalCushionPadding"
    >
      <img
        alt="CCF Cheetah Museum"
        className="ExploreGatewayIntroCCFCheetahMuseumImage"
        height="600"
        src="CCF_Cheetah_Museum-min.jpg"
        width="1000"
      />
    </div>
    <div
      className="VerticalCushionPadding"
    >
      <div
        className="ui container"
        width={8}
      >
        <div
          className="ui huge center aligned header"
        >
          Explore CCF’s Cheetah Museum in Namibia and learn about the cheetahs, all at the comfort of your home.
        </div>
        <div
          className="ExploreGatewayMenuIconLinkOuterContainer"
        >
          <p
            className="ExploreGatewayMenuIconLinkText"
          >
            <a
              className="ExploreGatewayMenuIconLink"
              href="#ExploreGatewayMenu"
            >
              <i
                aria-hidden="true"
                className="yellow angle double down huge icon"
                onClick={[Function]}
              />
            </a>
          </p>
        </div>
      </div>
    </div>
  </div>
  <nav
    className="ExploreGatewayGrid"
    id="ExploreGatewayMenu"
  >
    <div
      className="ui container stackable center aligned four column grid"
      data-testid="ExploreGatewayGridTestId"
    >
      <div
        className="column ExploreGatewayGridItemColumn"
      >
        <div
          className="ExploreGatewayGridItemInnerContainer"
        >
          <a
            className="ExploreGatewayGridItemImageAnchor"
            data-testid="ExploreGatewayGridItemImageAnchorTestId"
            href="/history/"
            onClick={[Function]}
            title="History page"
          >
            <img
              alt="History"
              className="ui medium image ExploreGatewayGridItemImage"
              data-testid="ExploreGatewayGridItemImageTestId"
              height="373"
              src="explore_gateway_grid_item_img_01-min.jpg"
              width="232"
            />
          </a>
          <h2
            className="ui left aligned header ExploreGatewayGridItemHeader"
          >
            History
          </h2>
        </div>
      </div>
      <div
        className="column ExploreGatewayGridItemColumn"
      >
        <div
          className="ExploreGatewayGridItemInnerContainer"
        >
          <a
            className="ExploreGatewayGridItemImageAnchor"
            data-testid="ExploreGatewayGridItemImageAnchorTestId"
            href="/biology/"
            onClick={[Function]}
            title="Biology page"
          >
            <img
              alt="Biology"
              className="ui medium image ExploreGatewayGridItemImage"
              data-testid="ExploreGatewayGridItemImageTestId"
              height="373"
              src="explore_gateway_grid_item_img_02-min.jpg"
              width="232"
            />
          </a>
          <h2
            className="ui left aligned header ExploreGatewayGridItemHeader"
          >
            Biology
          </h2>
        </div>
      </div>
      <div
        className="column ExploreGatewayGridItemColumn"
      >
        <div
          className="ExploreGatewayGridItemInnerContainer"
        >
          <a
            className="ExploreGatewayGridItemImageAnchor"
            data-testid="ExploreGatewayGridItemImageAnchorTestId"
            href="/ecology/"
            onClick={[Function]}
            title="Ecology page"
          >
            <img
              alt="Ecology"
              className="ui medium image ExploreGatewayGridItemImage"
              data-testid="ExploreGatewayGridItemImageTestId"
              height="373"
              src="explore_gateway_grid_item_img_03-min.jpg"
              width="232"
            />
          </a>
          <h2
            className="ui left aligned header ExploreGatewayGridItemHeader"
          >
            Ecology
          </h2>
        </div>
      </div>
      <div
        className="column ExploreGatewayGridItemColumn"
      >
        <div
          className="ExploreGatewayGridItemInnerContainer"
        >
          <a
            className="ExploreGatewayGridItemImageAnchor"
            data-testid="ExploreGatewayGridItemImageAnchorTestId"
            href="/future/"
            onClick={[Function]}
            title="Future page"
          >
            <img
              alt="Future"
              className="ui medium image ExploreGatewayGridItemImage"
              data-testid="ExploreGatewayGridItemImageTestId"
              height="373"
              src="explore_gateway_grid_item_img_04-min.jpg"
              width="232"
            />
          </a>
          <h2
            className="ui left aligned header ExploreGatewayGridItemHeader"
          >
            Future
          </h2>
        </div>
      </div>
    </div>
  </nav>
  <div
    className="ExploreGatewayFooter ExploreGatewayBackground VerticalCushionPadding"
  >
    <div
      className="FluidSingleRowGridOuterContainer"
      style={
        Object {
          "justifyContent": "center",
        }
      }
    >
      <div
        className="ExploreGatewayIntroCenterGridLhsColumnStyle"
      >
        <p
          className="CCFMissionStatementQuote"
        >
          “CCF is Changing the World to Save the Cheetah” - Dr. Laurie Marker
        </p>
      </div>
      <div
        className="ExploreGatewayIntroCenterGridRhsColumnStyle"
      >
        <div
          className="ui inverted segment"
        >
          <p
            className="JoinTheRace"
          >
            Join the race to 
            <a
              href="https://twitter.com/search?q=%23SaveTheCheetah"
              rel="noopener noreferrer"
              target="_blank"
            >
              <span
                className="SafeTheCheetah"
              >
                #SafeTheCheetah
              </span>
            </a>
          </p>
          <p>
            Cheetahs can't win without us.
          </p>
          <a
            className="ui basic inverted button"
            href="https://cheetah.org/get-involved/ways-to-give/"
            onClick={[Function]}
            role="button"
          >
            Get Involved
          </a>
        </div>
      </div>
    </div>
  </div>
</div>
`;
