// Jest Snapshot v1, https://goo.gl/fbAQLP

exports[`ExploreGatewayIntro component snapshot 1`] = `
<div
  className="ExploreGatewayIntro ExploreGatewayBackground"
  data-testid="ExploreGatewayIntroTestId"
>
  <div
    className="VerticalCushionPadding"
  >
    <img
      alt="CCF Cheetah Museum"
      className="ExploreGatewayIntroCCFCheetahMuseumImage"
      height="600"
      src="CCF_Cheetah_Museum-min.jpg"
      width="1000"
    />
  </div>
  <div
    className="VerticalCushionPadding"
  >
    <div
      className="ui container"
      width={8}
    >
      <div
        className="ui huge center aligned header"
      >
        Explore CCFâ€™s Cheetah Museum in Namibia and learn about the cheetahs, all at the comfort of your home.
      </div>
      <div
        className="ExploreGatewayMenuIconLinkOuterContainer"
      >
        <p
          className="ExploreGatewayMenuIconLinkText"
        >
          <a
            className="ExploreGatewayMenuIconLink"
            href="#ExploreGatewayMenu"
          >
            <i
              aria-hidden="true"
              className="yellow angle double down huge icon"
              onClick={[Function]}
            />
          </a>
        </p>
      </div>
    </div>
  </div>
</div>
`;
