// Jest Snapshot v1, https://goo.gl/fbAQLP

exports[`HomePage snapshot 1`] = `
<div
  className="HomePage"
  data-testid="HomePageTestId"
>
  <div
    className="ui vertical center aligned segment LandingPageGatewayOuterContainer LandingPageGatewayBackgroundStyle"
    data-testid="LandingPageGatewayComponentTestId"
  >
    <div
      className="ui container LandingPageGatewayCoreContentContainer"
    >
      <h1
        className="ui inverted header"
      >
        Learn about cheetahs
      </h1>
      <h2
        className="ui inverted header"
        data-testid="LandingPageGatewayComponentSubtitlePartTestId"
      >
        Explore the 
        <span
          className="BrandColorSecondary"
        >
          Cheetah Museum
        </span>
         at 
        <span
          className="BrandColorPrimary"
        >
          Cheetah Conservation Fund
        </span>
      </h2>
      <a
        href="#Explore"
      >
        <button
          className="ui huge basic inverted button"
          onClick={[Function]}
        >
          Explore
        </button>
      </a>
    </div>
  </div>
  <div
    data-testid="ExploreGatewayComponentTestId"
    id="Explore"
  >
    <div
      className="ExploreGatewayIntro ExploreGatewayBackground"
      data-testid="ExploreGatewayIntroTestId"
    >
      <div
        className="VerticalCushionPadding"
      >
        <img
          alt="CCF Cheetah Museum"
          className="ExploreGatewayIntroCCFCheetahMuseumImage"
          height="600"
          src="CCF_Cheetah_Museum-min.jpg"
          width="1000"
        />
      </div>
      <div
        className="VerticalCushionPadding"
      >
        <div
          className="ui container"
          width={8}
        >
          <div
            className="ui huge center aligned header"
          >
            Explore CCF’s Cheetah Museum in Namibia and learn about the cheetahs, all at the comfort of your home.
          </div>
          <div
            className="ExploreGatewayMenuIconLinkOuterContainer"
          >
            <p
              className="ExploreGatewayMenuIconLinkText"
            >
              <a
                className="ExploreGatewayMenuIconLink"
                href="#ExploreGatewayMenu"
              >
                <i
                  aria-hidden="true"
                  className="yellow angle double down huge icon"
                  onClick={[Function]}
                />
              </a>
            </p>
          </div>
        </div>
      </div>
    </div>
    <nav
      className="ExploreGatewayGrid"
      id="ExploreGatewayMenu"
    >
      <div
        className="ui container stackable center aligned four column grid"
        data-testid="ExploreGatewayGridTestId"
      >
        <div
          className="column ExploreGatewayGridItemColumn"
        >
          <div
            className="ExploreGatewayGridItemInnerContainer"
          >
            <a
              className="ExploreGatewayGridItemImageAnchor"
              data-testid="ExploreGatewayGridItemImageAnchorTestId"
              href="/history/"
              onClick={[Function]}
              title="History page"
            >
              <img
                alt="History"
                className="ui medium image ExploreGatewayGridItemImage"
                data-testid="ExploreGatewayGridItemImageTestId"
                height="373"
                src="explore_gateway_grid_item_img_01-min.jpg"
                width="232"
              />
            </a>
            <h2
              className="ui left aligned header ExploreGatewayGridItemHeader"
            >
              History
            </h2>
          </div>
        </div>
        <div
          className="column ExploreGatewayGridItemColumn"
        >
          <div
            className="ExploreGatewayGridItemInnerContainer"
          >
            <a
              className="ExploreGatewayGridItemImageAnchor"
              data-testid="ExploreGatewayGridItemImageAnchorTestId"
              href="/biology/"
              onClick={[Function]}
              title="Biology page"
            >
              <img
                alt="Biology"
                className="ui medium image ExploreGatewayGridItemImage"
                data-testid="ExploreGatewayGridItemImageTestId"
                height="373"
                src="explore_gateway_grid_item_img_02-min.jpg"
                width="232"
              />
            </a>
            <h2
              className="ui left aligned header ExploreGatewayGridItemHeader"
            >
              Biology
            </h2>
          </div>
        </div>
        <div
          className="column ExploreGatewayGridItemColumn"
        >
          <div
            className="ExploreGatewayGridItemInnerContainer"
          >
            <a
              className="ExploreGatewayGridItemImageAnchor"
              data-testid="ExploreGatewayGridItemImageAnchorTestId"
              href="/ecology/"
              onClick={[Function]}
              title="Ecology page"
            >
              <img
                alt="Ecology"
                className="ui medium image ExploreGatewayGridItemImage"
                data-testid="ExploreGatewayGridItemImageTestId"
                height="373"
                src="explore_gateway_grid_item_img_03-min.jpg"
                width="232"
              />
            </a>
            <h2
              className="ui left aligned header ExploreGatewayGridItemHeader"
            >
              Ecology
            </h2>
          </div>
        </div>
        <div
          className="column ExploreGatewayGridItemColumn"
        >
          <div
            className="ExploreGatewayGridItemInnerContainer"
          >
            <a
              className="ExploreGatewayGridItemImageAnchor"
              data-testid="ExploreGatewayGridItemImageAnchorTestId"
              href="/future/"
              onClick={[Function]}
              title="Future page"
            >
              <img
                alt="Future"
                className="ui medium image ExploreGatewayGridItemImage"
                data-testid="ExploreGatewayGridItemImageTestId"
                height="373"
                src="explore_gateway_grid_item_img_04-min.jpg"
                width="232"
              />
            </a>
            <h2
              className="ui left aligned header ExploreGatewayGridItemHeader"
            >
              Future
            </h2>
          </div>
        </div>
      </div>
    </nav>
    <div
      className="ExploreGatewayFooter ExploreGatewayBackground VerticalCushionPadding"
    >
      <div
        className="FluidSingleRowGridOuterContainer"
        style={
          Object {
            "justifyContent": "center",
          }
        }
      >
        <div
          className="ExploreGatewayIntroCenterGridLhsColumnStyle"
        >
          <p
            className="CCFMissionStatementQuote"
          >
            “CCF is Changing the World to Save the Cheetah” - Dr. Laurie Marker
          </p>
        </div>
        <div
          className="ExploreGatewayIntroCenterGridRhsColumnStyle"
        >
          <div
            className="ui inverted segment"
          >
            <p
              className="JoinTheRace"
            >
              Join the race to 
              <a
                href="https://twitter.com/search?q=%23SaveTheCheetah"
                rel="noopener noreferrer"
                target="_blank"
              >
                <span
                  className="SafeTheCheetah"
                >
                  #SafeTheCheetah
                </span>
              </a>
            </p>
            <p>
              Cheetahs can't win without us.
            </p>
            <a
              className="ui basic inverted button"
              href="https://cheetah.org/get-involved/ways-to-give/"
              onClick={[Function]}
              role="button"
            >
              Get Involved
            </a>
          </div>
        </div>
      </div>
    </div>
  </div>
  <footer>
    <div
      className="ui inverted segment"
      data-testid="FooterComponentTestId"
      style={
        Object {
          "padding": "5em 0em",
        }
      }
    >
      <div
        className="ui container"
      >
        <div
          className="ui inverted stackable divided grid"
        >
          <div
            className="row"
          >
            <div
              className="three wide column"
            >
              <img
                alt="Cheetah Conservation Fund"
                className="ui small image"
                height="172"
                src="cheetah-conservation-fund-logo-mini-min.jpg"
                width="300"
              />
            </div>
            <div
              className="six wide column"
            >
              <p
                className="FooterColumnHeading"
              >
                Resources
              </p>
              <div
                className="ui inverted link list FooterNav"
                role="list"
              >
                <a
                  className="item"
                  href="https://cheetah.org/about/what-we-do/"
                  onClick={[Function]}
                  role="listitem"
                >
                  About CCF
                </a>
                <a
                  className="item"
                  href="https://animalfactguide.com/animal-facts/cheetah/"
                  onClick={[Function]}
                  role="listitem"
                >
                  Cheetah Fun Facts
                </a>
                <a
                  className="item"
                  href="https://wildnet.org/wildlife-programs/cheetah-namibia/"
                  onClick={[Function]}
                  role="listitem"
                >
                  Wildlife Conservation Network & CCF
                </a>
                <a
                  className="item"
                  href="https://www.iucnredlist.org/species/219/50649567"
                  onClick={[Function]}
                  role="listitem"
                >
                  IUCN Red List - Cheetah
                </a>
              </div>
            </div>
            <div
              className="seven wide column"
            >
              <p
                className="FooterColumnHeading"
              >
                Cheetah Conservation Fund
              </p>
              <p
                data-testid="footerSectionCCF"
              >
                <a
                  className="CCFLink"
                  href="https://cheetah.org/"
                >
                  Cheetah Conservation Fund
                </a>
                 is a 501(c)(3) nonprofit organization, dedicated to saving the cheetahs in the wild and changing the world to be a better place.
              </p>
              <p>
                All textual content presented on this site are copyright of Cheetah Conservation Fund.
              </p>
              <p>
                This site is not an affiliation of Cheetah Conservation Fund.
              </p>
              <p>
                Crafted with 
                <span
                  aria-label="heart"
                  role="img"
                >
                  ❤️
                </span>
                 by 
                Will Li
              </p>
            </div>
          </div>
        </div>
      </div>
    </div>
  </footer>
</div>
`;
