// Jest Snapshot v1, https://goo.gl/fbAQLP

exports[`FuturePageSubsectionCommunityEvents component snapshot 1`] = `
<div>
  <section
    className="ContentPageSubsectionTemplateOuterContainer"
  >
    <h3
      className="ContentPageSubsectionTitle"
    >
      Community Events
    </h3>
    <div
      className="ContentPageSideFloatFluidContainerOuterContainer"
    >
      <div
        className="ContentPageSideFloatFluidContainerFloatPartContainer BottomMargin20px FloatLeft"
      >
        <div
          className="ImageViewOuterContainer"
          style={
            Object {
              "maxWidth": 960,
            }
          }
        >
          <div
            className="ImageViewInnerContainer"
          >
            <div
              className="ImageViewImgContainer"
            >
              <img
                alt="CCF helps Namibian artists and artisans to market and sell their work with the Livelihood Development Program."
                className="ImageViewImg"
                height={577}
                src="CCF_Livelihood_Development_L-min.jpg"
                width={960}
              />
            </div>
            <div
              className="ImageViewCaptionContainer"
            >
              <div
                className="CaptionContainer"
                data-testid="CaptionComponentTestId"
                style={
                  Object {
                    "maxWidth": 960,
                  }
                }
              >
                <div
                  className="IconContainer"
                >
                  <i
                    aria-hidden="true"
                    className="image icon"
                    onClick={[Function]}
                  />
                </div>
                <p
                  className="ContentPageCaptionTextSize CaptionText"
                >
                  CCF helps Namibian artists and artisans to market and sell their work with the Livelihood Development Program. (Image credit: Cheetah Conservation Fund)
                </p>
              </div>
            </div>
          </div>
        </div>
      </div>
      <div
        className="ContentPageSideFloatFluidContainerFixedPartContainer"
      >
        <p
          className="ContentPageRegularTextSize ContentPageRegularTextLineHeight ContentPageContentParagraphText"
        >
          Participatory community events, such as competitions in art, poetry and writing, increase conservation awareness.
        </p>
        <p
          className="ContentPageRegularTextSize ContentPageRegularTextLineHeight ContentPageContentParagraphText"
        >
          Public educational displays are maintained at strategic locations and community events. Displays provide introductory information on the plight of the cheetah and the work conducted by CCF.
        </p>
        <p
          className="ContentPageRegularTextSize ContentPageRegularTextLineHeight ContentPageContentParagraphText"
        >
          CCF staff participate in farmer meetings, local conservancy activities and other related events. Workshops and seminars are conducted to exchange information and develop conservation-based farming practices.
        </p>
      </div>
    </div>
  </section>
</div>
`;
