// Jest Snapshot v1, https://goo.gl/fbAQLP

exports[`FuturePageSectionOutreachAndEducation component snapshot 1`] = `
<article
  className="ContentPageSectionTemplateOuterContainer"
>
  <h2
    className="ContentPageSectionHeadTitle"
    id="outreach-and-education"
  >
    Outreach and Education
  </h2>
  <p
    className="ContentPageHeadAndSectionIntroText"
  >
    Public education is a vital component of any successful conservation strategies. Environmental and management education are critical in areas where people coexist intimately with the land and wildlife. Cheetah Conservation Fund believes public education and outreach will help ensure a future for the species in the wild. CCF educates farmers, teachers, students, and the public about methods to conserve biodiversity, as well as champion the idea that everybody can be a custodian of nature and has something to contribute.
  </p>
  <section
    className="ContentPageSubsectionTemplateOuterContainer"
  >
    <h3
      className="ContentPageSubsectionTitle"
    >
      Field Research
    </h3>
    <div>
      <div
        className="ContentPageSubsectionTwoColumnContentTemplateOuterContainer"
      >
        <div
          className="ContentPageSubsectionTwoColumnContentTemplateInnerContainer"
        >
          <div
            className="ContentPageSubsectionTwoColumnContentTemplateColumnInnerContainer"
          >
            <div>
              <div>
                <h4
                  className="ContentPageSubsectionSubtitle"
                >
                  Veterinary Clinic
                </h4>
                <p
                  className="ContentPageRegularTextSize ContentPageRegularTextLineHeight ContentPageContentParagraphText"
                >
                  The HASS Family Research Center houses CCF’s registered on-site veterinary clinic. The clinic allows CCF to provide medical care for cheetahs within the sanctuary, CCF Livestock Guarding Dogs and CCF’s livestock. In addition, all cheetahs that CCF studies receive a full biomedical work-up and health assessment.
                </p>
                <p
                  className="ContentPageRegularTextSize ContentPageRegularTextLineHeight ContentPageContentParagraphText"
                >
                  Other clinical procedures include routine medical checks, dental care and when necessary, surgery. While working with these animals, CCF research staff can collect biological samples that are used to do health evaluation, reproduction studies and to determine the cheetah population’s genetic status and provide the basis of a disease surveillance system for cheetahs, these biological samples also aid in future research.
                </p>
                <p
                  className="ContentPageRegularTextSize ContentPageRegularTextLineHeight ContentPageContentParagraphText"
                >
                  Wild cheetahs that come into the clinic are marked with a transponder ear tag and/or fitted with a radio or satellite tracking collar before release back into the wild. CCF works with the Namibian Ministry of Environment and Tourism and neighboring farmers to determine a suitable habitat for relocation if necessary, or release on the farm where the cheetah was caught.
                </p>
              </div>
            </div>
          </div>
          <div
            className="ContentPageSubsectionTwoColumnContentTemplateColumnInnerContainer"
          >
            <div>
              <div>
                <h4
                  className="ContentPageSubsectionSubtitle"
                >
                  Ecological Studies
                </h4>
                <p
                  className="ContentPageRegularTextSize ContentPageRegularTextLineHeight ContentPageContentParagraphText"
                >
                  Satellite tracking collars provide important data for CCF research teams. Researchers can monitor the daily movement of the cheetah, track its hunting skills and monitor its general well-being in the wild. If also allows researchers to evaluate the cheetah’s habitat use and prey preference.
                </p>
                <p
                  className="ContentPageRegularTextSize ContentPageRegularTextLineHeight ContentPageContentParagraphText"
                >
                  Satellite and VHS monitoring collars, as well as camera traps help determine animal home ranges, habitat preferences and seasonal use, territoriality and behaviors unique to individual cheetah populations.
                </p>
                <p
                  className="ContentPageRegularTextSize ContentPageRegularTextLineHeight ContentPageContentParagraphText"
                >
                  CCF conducts vegetation studies that include monitoring growth patterns of bush within targeted study areas on CCF land. Information on vegetation is used to identify target areas for ecological management and help determine and monitor the manner with which bush encroachment affects the biodiversity of the land.
                </p>
              </div>
            </div>
          </div>
        </div>
      </div>
      <div
        className="VerticalCushionPadding"
      >
        <div>
          <a
            href="https://cheetah.org/about/what-we-do/research/"
          >
            <button
              className="ui blue icon button"
              onClick={[Function]}
            >
              Learn more about CCF's research work
              <i
                aria-hidden="true"
                className="file alternate outline icon"
                onClick={[Function]}
              />
            </button>
          </a>
        </div>
      </div>
    </div>
  </section>
  <section
    className="ContentPageSubsectionTemplateOuterContainer"
  >
    <h3
      className="ContentPageSubsectionTitle"
    >
      Internships and Volunteering
    </h3>
    <div>
      <div
        className="ContentPageSubsectionPartContainer"
      >
        <div
          className="Centered FullWidth"
          style={
            Object {
              "width": 1300,
            }
          }
        >
          <img
            alt="CCF Volunteering"
            className="FullWidth DisplayBlock RetainAspectRatio"
            height={433}
            src="CCF_GetInvolved_Volunteer_L-min.jpg"
            width={1300}
          />
        </div>
      </div>
      <div
        className="ContentPageSubsectionPartContainer"
      >
        <div
          className="ContentPageSubsectionTwoColumnContentTemplateOuterContainer"
        >
          <div
            className="ContentPageSubsectionTwoColumnContentTemplateInnerContainer"
          >
            <div
              className="ContentPageSubsectionTwoColumnContentTemplateColumnInnerContainer"
            >
              <div>
                <div>
                  <h4
                    className="ContentPageSubsectionSubtitle"
                  >
                    Internships
                  </h4>
                  <p
                    className="ContentPageRegularTextSize ContentPageRegularTextLineHeight ContentPageContentParagraphText"
                  >
                    CCF welcomes a selected number of students each year with a wide variety of backgrounds and courses of study. Graduate and undergraduate students are given a chance to learn about aspects of conservation biology, ecology, veterinary medicine, genetics, animal science, agriculture, sociology, business, computing, graphic design, education and tourism.
                  </p>
                  <p
                    className="ContentPageRegularTextSize ContentPageRegularTextLineHeight ContentPageContentParagraphText"
                  >
                    CCF is an official fourth year placement for students from Namibia’s two major universities, University of Namibia (UNAM) and Namibia University of Science and Technology (NUST). In addition, CCF welcomes interns from undergraduate and graduate university programs all over the world.
                  </p>
                  <p
                    className="ContentPageRegularTextSize ContentPageRegularTextLineHeight ContentPageContentParagraphText"
                  >
                    Aspiring biologists, genetics, and ecologists pursuing Masters and Ph.D. degrees come to CCF to work on research and thesis projects all year.
                  </p>
                  <ul>
                    <li
                      className="ContentPageRegularTextSize ContentPageRegularTextLineHeight"
                    >
                      cheetah feeding - collecting and dissecting cheetah feces
                    </li>
                    <li
                      className="ContentPageRegularTextSize ContentPageRegularTextLineHeight"
                    >
                      observing cheetah behavior - assisting in clinical work-ups
                    </li>
                    <li
                      className="ContentPageRegularTextSize ContentPageRegularTextLineHeight"
                    >
                      raise livestock guarding dog puppies - conducting field work
                    </li>
                    <li
                      className="ContentPageRegularTextSize ContentPageRegularTextLineHeight"
                    >
                      being involved with outreach and education programs
                    </li>
                  </ul>
                </div>
              </div>
            </div>
            <div
              className="ContentPageSubsectionTwoColumnContentTemplateColumnInnerContainer"
            >
              <div>
                <div>
                  <h4
                    className="ContentPageSubsectionSubtitle"
                  >
                    Volunteering
                  </h4>
                  <p
                    className="ContentPageRegularTextSize ContentPageRegularTextLineHeight ContentPageContentParagraphText"
                  >
                    Volunteering at CCF in Namibia is a rewarding experience, and most of the people who participate in our volunteer program will tell you that it is among the best experiences they have ever had. Volunteers do everything from data entry and camera trap photo sorting to chopping up meat to collecting and cataloging scat samples.
                  </p>
                  <p
                    className="ContentPageRegularTextSize ContentPageRegularTextLineHeight ContentPageContentParagraphText"
                  >
                    Like interns, volunteers can expect to work on a variety of tasks. CCF also seeks professionally skilled volunteers to work as cheetah keepers, animal behavior specialists, ecologists, biologists, veterinarians, and vet-technicians, as well as educators, trainers, and conservationists.
                  </p>
                </div>
              </div>
            </div>
          </div>
        </div>
      </div>
      <div
        className="ContentPageSubsectionPartContainer"
      >
        <div>
          <a
            href="https://cheetah.org/get-involved/volunteer/"
          >
            <button
              className="ui blue icon button"
              onClick={[Function]}
            >
              Learn more about CCF's Volunteer Program
              <i
                aria-hidden="true"
                className="file alternate outline icon"
                onClick={[Function]}
              />
            </button>
          </a>
        </div>
      </div>
    </div>
  </section>
  <section
    className="ContentPageSubsectionTemplateOuterContainer"
  >
    <h3
      className="ContentPageSubsectionTitle"
    >
      The Role of Zoos
    </h3>
    <div>
      <div
        className="ContentPageSubsectionPartContainer"
      >
        <p
          className="ContentPageRegularTextSize ContentPageRegularTextLineHeight ContentPageContentParagraphText"
        >
          Moderns zoos serve as conservation education centers and provide sanctuary for many endangered species. Cooperative breeding, management and research have assisted in re-establishing some species in the wild.
        </p>
        <p
          className="ContentPageRegularTextSize ContentPageRegularTextLineHeight ContentPageContentParagraphText"
        >
          Historically, cheetahs have not bred well in captivity. In recent years, through cooperative research and management in zoos worldwide, a global master plan is producing successful results. If future extinction were to occur with wild cheetahs, this research and maintained captive populations could allow the re-introduction of cheetahs.
        </p>
      </div>
      <div
        className="ContentPageSubsectionPartContainer"
      >
        <h4
          className="ContentPageSubsectionSubtitle"
        >
          Ambassadors
        </h4>
        <div
          className="ContentPageSideFloatFluidContainerOuterContainer"
        >
          <div
            className="ContentPageSideFloatFluidContainerFloatPartContainer BottomMargin20px FloatRight"
          >
            <div
              className="ImageViewOuterContainer"
              style={
                Object {
                  "maxWidth": 720,
                }
              }
            >
              <div
                className="ImageViewInnerContainer ImageViewFamilyContainerBorderStyles ImageViewFamilyContainerShadow ImageViewFamilyContainerBackgroundStyles"
              >
                <div
                  className="ImageViewImgContainer"
                >
                  <img
                    alt="In 2009, Cincinnati Zoo's cheetah Sarah set the record of the world's fastest cheetah, as she sprant 100m in just 6.13 seconds. The best record for 100m by humans was from Usain Bolt, finishing in 9.58 seconds."
                    className="ImageViewFamilyImgLayoutStyles ImageViewFamilyImgBorderStyles"
                    height={406}
                    src="cincinnati_zoo_cheetah_sarah-min.jpg"
                    width={720}
                  />
                </div>
                <div
                  className="ImageViewFamilyCaptionContainerStyles"
                >
                  <div
                    className="CaptionContainer"
                    data-testid="CaptionComponentTestId"
                    style={
                      Object {
                        "maxWidth": 720,
                      }
                    }
                  >
                    <div
                      className="IconContainer"
                    >
                      <i
                        aria-hidden="true"
                        className="image icon"
                        onClick={[Function]}
                      />
                    </div>
                    <p
                      className="ContentPageCaptionTextSize CaptionText"
                    >
                      In 2009, Cincinnati Zoo's cheetah Sarah set the record of the world's fastest cheetah, as she sprant 100m in just 6.13 seconds. The best record for 100m by humans was from Usain Bolt, finishing in 9.58 seconds.
                    </p>
                  </div>
                </div>
              </div>
            </div>
          </div>
          <div
            className="ContentPageSideFloatFluidContainerFixedPartContainer"
          >
            <p
              className="ContentPageRegularTextSize ContentPageRegularTextLineHeight ContentPageContentParagraphText"
            >
              As representatives of the wild cheetah, zoo animals provide the opportunity for people around the world to see a cheetah close up.
            </p>
            <p
              className="ContentPageRegularTextSize ContentPageRegularTextLineHeight ContentPageContentParagraphText"
            >
              Through educational programs, zoos spark the interest of individuals who can support or join the projects that will save wild cheetahs.
            </p>
            <p
              className="ContentPageRegularTextSize ContentPageRegularTextLineHeight ContentPageContentParagraphText"
            >
              Zoos contribute to the conservation of wild cheetahs through education, research and support.
            </p>
          </div>
        </div>
      </div>
      <div
        className="ContentPageSubsectionPartContainer"
      >
        <h4
          className="ContentPageSubsectionSubtitle"
        >
          Research
        </h4>
        <p
          className="ContentPageRegularTextSize ContentPageRegularTextLineHeight ContentPageContentParagraphText"
        >
          Zoos, universities, private individuals, governmental and NGOs support cooperative efforts worldwide.
        </p>
        <p
          className="ContentPageRegularTextSize ContentPageRegularTextLineHeight ContentPageContentParagraphText"
        >
          Reproductive, medical and behavioral studies, and laboratory analysis are cooperative conservation efforts between captive and wild cheetah.
        </p>
      </div>
    </div>
  </section>
  <section
    className="ContentPageSubsectionTemplateOuterContainer"
  >
    <h3
      className="ContentPageSubsectionTitle"
    >
      Schools, Teachers, Learners
    </h3>
    <div>
      <div
        className="ContentPageSubsectionTwoColumnContentTemplateOuterContainer"
      >
        <div
          className="ContentPageSubsectionTwoColumnContentTemplateInnerContainer"
        >
          <div
            className="ContentPageSubsectionTwoColumnContentTemplateColumnInnerContainer"
          >
            <div>
              <p
                className="ContentPageRegularTextSize ContentPageRegularTextLineHeight ContentPageContentParagraphText"
              >
                CCF develops outreach school programs and educational packets are distributed to students and teachers. All schools are welcomed to CCF facilities.
              </p>
              <p
                className="ContentPageRegularTextSize ContentPageRegularTextLineHeight ContentPageContentParagraphText"
              >
                Staff members conduct assemblies throughout Namibia. Students are encouraged to become more involved in conservation in school and in their homes. Workshops assist teachers in initiating cheetah conservation and environmental education programs.
              </p>
              <p
                className="ContentPageRegularTextSize ContentPageRegularTextLineHeight ContentPageContentParagraphText"
              >
                Educational facilities at CCF’s headquarters encourage participation in cheetah conservation. The Education Center, the Visitor Center and Predator-Preyground provide information in an interacting setting. CCF’s Wildlife Camp allows outdoor education and a wilderness experience. A Nature Trail highlights the farmland ecosystem and the valuable role of predators.
              </p>
              <p
                className="ContentPageRegularTextSize ContentPageRegularTextLineHeight ContentPageContentParagraphText"
              >
                CCF takes a cross-curricular approach, integrating conservation issues into subjects that are required as part of the school syllabus and donates books to schools and libraries.
              </p>
              <p
                className="ContentPageRegularTextSize ContentPageRegularTextLineHeight ContentPageContentParagraphText"
              >
                CCF works with government agencies to incorporate cheetah conservation in the school curriculum.
              </p>
            </div>
          </div>
          <div
            className="ContentPageSubsectionTwoColumnContentTemplateColumnInnerContainer"
          >
            <div>
              <div
                className="ImageSlidingGalleryOuterContainer"
                style={
                  Object {
                    "maxWidth": undefined,
                  }
                }
              >
                <div
                  className="ImageSlidingGalleryCoreContainer"
                >
                  <div
                    className="ImageViewFamilyContainerBorderStyles ImageViewFamilyContainerShadow ImageViewFamilyContainerBackgroundStyles"
                  >
                    <img
                      alt="CCF's Predator Preyground."
                      className="ImageViewFamilyImgLayoutStyles ImageViewFamilyImgBorderStyles"
                      height={320}
                      src="CCF_Predator_Preyground-min.jpg"
                      width={533}
                    />
                    <div
                      className="ImageViewFamilyCaptionContainerStyles"
                      data-testid="ImageSlidingGalleryCaptionPart"
                    >
                      <div
                        className="CaptionContainer"
                        data-testid="CaptionComponentTestId"
                        style={
                          Object {
                            "maxWidth": undefined,
                          }
                        }
                      >
                        <div
                          className="IconContainer"
                        >
                          <i
                            aria-hidden="true"
                            className="image icon"
                            onClick={[Function]}
                          />
                        </div>
                        <p
                          className="ContentPageCaptionTextSize CaptionText"
                        >
                          CCF's Predator Preyground.
                        </p>
                      </div>
                    </div>
                  </div>
                  <div
                    className="ImageSlidingGalleryButtonContainer"
                  >
                    <div
                      aria-label="Previous slide"
                      className="ui blue huge icon left attached disabled button"
                      onClick={[Function]}
                      role="button"
                      tabIndex={-1}
                    >
                      <i
                        aria-hidden="true"
                        className="arrow alternate circle left outline icon"
                        onClick={[Function]}
                      />
                    </div>
                    <div
                      aria-label="Next slide"
                      className="ui blue huge icon right attached button"
                      onClick={[Function]}
                      role="button"
                      tabIndex={0}
                    >
                      <i
                        aria-hidden="true"
                        className="arrow alternate circle right outline icon"
                        onClick={[Function]}
                      />
                    </div>
                  </div>
                </div>
              </div>
            </div>
          </div>
        </div>
      </div>
    </div>
  </section>
  <div>
    <section
      className="ContentPageSubsectionTemplateOuterContainer"
    >
      <h3
        className="ContentPageSubsectionTitle"
      >
        Community Events
      </h3>
      <div
        className="ContentPageSideFloatFluidContainerOuterContainer"
      >
        <div
          className="ContentPageSideFloatFluidContainerFloatPartContainer BottomMargin20px FloatLeft"
        >
          <div
            className="ImageViewOuterContainer"
            style={
              Object {
                "maxWidth": 960,
              }
            }
          >
            <div
              className="ImageViewInnerContainer ImageViewFamilyContainerBorderStyles ImageViewFamilyContainerShadow ImageViewFamilyContainerBackgroundStyles"
            >
              <div
                className="ImageViewImgContainer"
              >
                <img
                  alt="CCF helps Namibian artists and artisans to market and sell their work with the Livelihood Development Program."
                  className="ImageViewFamilyImgLayoutStyles ImageViewFamilyImgBorderStyles"
                  height={577}
                  src="CCF_Livelihood_Development_L-min.jpg"
                  width={960}
                />
              </div>
              <div
                className="ImageViewFamilyCaptionContainerStyles"
              >
                <div
                  className="CaptionContainer"
                  data-testid="CaptionComponentTestId"
                  style={
                    Object {
                      "maxWidth": 960,
                    }
                  }
                >
                  <div
                    className="IconContainer"
                  >
                    <i
                      aria-hidden="true"
                      className="image icon"
                      onClick={[Function]}
                    />
                  </div>
                  <p
                    className="ContentPageCaptionTextSize CaptionText"
                  >
                    CCF helps Namibian artists and artisans to market and sell their work with the Livelihood Development Program. (Image credit: Cheetah Conservation Fund)
                  </p>
                </div>
              </div>
            </div>
          </div>
        </div>
        <div
          className="ContentPageSideFloatFluidContainerFixedPartContainer"
        >
          <p
            className="ContentPageRegularTextSize ContentPageRegularTextLineHeight ContentPageContentParagraphText"
          >
            Participatory community events, such as competitions in art, poetry and writing, increase conservation awareness.
          </p>
          <p
            className="ContentPageRegularTextSize ContentPageRegularTextLineHeight ContentPageContentParagraphText"
          >
            Public educational displays are maintained at strategic locations and community events. Displays provide introductory information on the plight of the cheetah and the work conducted by CCF.
          </p>
          <p
            className="ContentPageRegularTextSize ContentPageRegularTextLineHeight ContentPageContentParagraphText"
          >
            CCF staff participate in farmer meetings, local conservancy activities and other related events. Workshops and seminars are conducted to exchange information and develop conservation-based farming practices.
          </p>
        </div>
      </div>
    </section>
  </div>
</article>
`;
