// Jest Snapshot v1, https://goo.gl/fbAQLP

exports[`EcologyPageSubsectionCheetahsRoleInTheEcosystem component snapshot 1`] = `
<section
  className="ContentPageSubsectionTemplateOuterContainer CommonRoundedBorderRadiusStyle"
  style={
    Object {
      "backgroundColor": "rgb(228, 246, 212)",
    }
  }
>
  <h3
    className="ContentPageSubsectionTitle"
  >
    Cheetah’s Role in the Ecosystem
  </h3>
  <div>
    <div
      className="ContentPageSubsectionPartContainer"
    >
      <h4
        className="ContentPageSubsectionSubtitle"
      >
        Cheetah’s role
      </h4>
      <div
        className="ContentPageSideFloatFluidContainerOuterContainer"
      >
        <div
          className="ContentPageSideFloatFluidContainerFloatPartContainer BottomMargin20px FloatRight"
        >
          <div
            className="ImageViewOuterContainer"
            style={
              Object {
                "maxWidth": 640,
              }
            }
          >
            <div
              className="ImageViewInnerContainer ImageViewFamilyContainerBorderStyles ImageViewFamilyContainerShadowStyles ImageViewFamilyContainerBackgroundStyles"
            >
              <div
                className="ImageViewImgContainer"
              >
                <img
                  alt="A simplified illustration of the food web of a savanna ecosystem."
                  className="ImageViewFamilyImgLayoutStyles ImageViewFamilyImgBorderStyles"
                  height={552}
                  src="savanna_food_web-min.jpg"
                  width={640}
                />
              </div>
              <div
                className="ImageViewFamilyCaptionContainerStyles"
              >
                <div
                  className="CaptionContainer"
                  data-testid="CaptionComponentTestId"
                  style={
                    Object {
                      "maxWidth": 640,
                    }
                  }
                >
                  <div
                    className="IconContainer"
                  >
                    <i
                      aria-hidden="true"
                      className="image icon"
                      onClick={[Function]}
                    />
                  </div>
                  <p
                    className="ContentPageCaptionTextSize CaptionText"
                  >
                    A simplified illustration of the food web of a savanna ecosystem.
                  </p>
                </div>
              </div>
            </div>
          </div>
        </div>
        <div
          className="ContentPageSideFloatFluidContainerFixedPartContainer"
        >
          <p
            className="ContentPageRegularTextSize ContentPageRegularTextLineHeight ContentPageContentParagraphText"
          >
            Every animal species has its role (or niche) in the ecosystem that it lives in. As a carnivorous predator, the cheetah’s role in the ecosystem is important as it helps to maintain balanced and healthy food webs.
          </p>
          <p
            className="ContentPageRegularTextSize ContentPageRegularTextLineHeight ContentPageContentParagraphText"
          >
            One of the cheetah’s roles in the ecosystem is to help keep the population of grazing animals at a healthy state. Because of the fact that cheetahs do not have the strength to go after big games such as adult wildebeest, elands, and kudus, they go after the ones that are young, weak, or sick. This helps to ensure that only the strongest of those species will survive, and also the populations of those species won’t reach the limit the ecosystem could handle such that it will have negative consequences.
          </p>
        </div>
      </div>
    </div>
    <div
      className="ContentPageSubsectionPartContainer"
    >
      <h4
        className="ContentPageSubsectionSubtitle"
      >
        Relationships with other species
      </h4>
      <p
        className="ContentPageRegularTextSize ContentPageRegularTextLineHeight ContentPageContentParagraphText"
      >
        Perhaps the cheetahs’ closest interactions with other species of animals other than the ones preyed upon are their competitors. While there are no species of animals that solely prey on the cheetahs as a food source, many compete with the cheetahs for food, territory, and dominance. Lions, leopards, and hyenas are the most formidable competitors that would come into the way of the cheetahs.
      </p>
      <p
        className="ContentPageRegularTextSize ContentPageRegularTextLineHeight ContentPageContentParagraphText"
      >
        Despite the fact that competitions inevitably lead to casualties, it is an important aspect of any healthy ecosystem. Competitions ensure that no species of animal absolutely dominates all the resources in a territory, and resources are partitioned accordingly among the competing species as much as possible to minimize conflict. This leads to a balanced ecosystem with the most biodiversity, as each species is unique in its role within the ecosystem.
      </p>
      <div
        className="ContentPageSubsectionTwoColumnContentTemplateOuterContainer"
      >
        <div
          className="ContentPageSubsectionTwoColumnContentTemplateInnerContainer"
        >
          <div
            className="ContentPageSubsectionTwoColumnContentTemplateColumnInnerContainer"
          >
            <div>
              <div
                className="ImageViewOuterContainer"
                style={
                  Object {
                    "maxWidth": 483,
                  }
                }
              >
                <div
                  className="ImageViewInnerContainer ImageViewFamilyContainerBorderStyles ImageViewFamilyContainerShadowStyles ImageViewFamilyContainerBackgroundStyles"
                >
                  <div
                    className="ImageViewImgContainer"
                  >
                    <img
                      alt="Hyenas often try to either steal cheetahs' killed preys or scavenge on the remains."
                      className="ImageViewFamilyImgLayoutStyles ImageViewFamilyImgBorderStyles"
                      height={269}
                      src="cheetah_hyena_competition-min.jpg"
                      width={483}
                    />
                  </div>
                  <div
                    className="ImageViewFamilyCaptionContainerStyles"
                  >
                    <div
                      className="CaptionContainer"
                      data-testid="CaptionComponentTestId"
                      style={
                        Object {
                          "maxWidth": 483,
                        }
                      }
                    >
                      <div
                        className="IconContainer"
                      >
                        <i
                          aria-hidden="true"
                          className="image icon"
                          onClick={[Function]}
                        />
                      </div>
                      <p
                        className="ContentPageCaptionTextSize CaptionText"
                      >
                        Hyenas often try to either steal cheetahs' killed preys or scavenge on the remains.
                      </p>
                    </div>
                  </div>
                </div>
              </div>
            </div>
          </div>
          <div
            className="ContentPageSubsectionTwoColumnContentTemplateColumnInnerContainer"
          >
            <div>
              <div
                className="ImageViewOuterContainer"
                style={
                  Object {
                    "maxWidth": 480,
                  }
                }
              >
                <div
                  className="ImageViewInnerContainer ImageViewFamilyContainerBorderStyles ImageViewFamilyContainerShadowStyles ImageViewFamilyContainerBackgroundStyles"
                >
                  <div
                    className="ImageViewImgContainer"
                  >
                    <img
                      alt="Lions will often take over the cheetah's prey easily as they are superior in strength."
                      className="ImageViewFamilyImgLayoutStyles ImageViewFamilyImgBorderStyles"
                      height={360}
                      src="cheetah_lion_competition-min.jpg"
                      width={480}
                    />
                  </div>
                  <div
                    className="ImageViewFamilyCaptionContainerStyles"
                  >
                    <div
                      className="CaptionContainer"
                      data-testid="CaptionComponentTestId"
                      style={
                        Object {
                          "maxWidth": 480,
                        }
                      }
                    >
                      <div
                        className="IconContainer"
                      >
                        <i
                          aria-hidden="true"
                          className="image icon"
                          onClick={[Function]}
                        />
                      </div>
                      <p
                        className="ContentPageCaptionTextSize CaptionText"
                      >
                        Lions will often take over the cheetah's prey easily as they are superior in strength.
                      </p>
                    </div>
                  </div>
                </div>
              </div>
            </div>
          </div>
        </div>
      </div>
    </div>
  </div>
</section>
`;
