// Jest Snapshot v1, https://goo.gl/fbAQLP

exports[`NamibianBiomes component snapshot 1`] = `
<div
  className="ImageSlideModalCoverTriggerOuterContainer ImageViewFamilyContainerBorderStyles ImageViewFamilyContainerShadow ImageViewFamilyContainerBackgroundStyles"
  onBlur={[Function]}
  onClick={[Function]}
  onFocus={[Function]}
  onMouseEnter={[Function]}
  onMouseLeave={[Function]}
  style={
    Object {
      "width": 480,
    }
  }
>
  <div
    className="ImageSlideModalCoverTriggerInnerContainer ImageViewFamilyContainerBorderStyles"
    data-testid="ImageSlideModalComponentCoverImageContainerDivTestId"
    onClick={[Function]}
    style={
      Object {
        "backgroundImage": "url(biome_savanna-min.jpg)",
        "height": 320,
        "width": 480,
      }
    }
  >
    <div
      className="ImageSlideModalCoverTriggerImageIconInnerContainer"
    >
      <i
        aria-hidden="true"
        className="blue images outline large icon"
        onClick={[Function]}
      />
    </div>
  </div>
  <div
    className="ImageViewFamilyCaptionContainerStyles"
  >
    <span>
      <i
        aria-hidden="true"
        className="hand point up outline icon"
        onClick={[Function]}
      />
      Click to learn more about the biomes of Namibia.
    </span>
  </div>
</div>
`;
